<!doctype html>
<html class="no-js">
    <head>
        <meta charset="utf-8">
        <title>critical css test</title>
        <meta name="description" content="">
        <meta name="viewport" content="width=device-width, initial-scale=1">
        <!-- Place favicon.ico and apple-touch-icon.png in the root directory -->

        <style>
body{padding-top:20px;padding-bottom:20px}.header{padding-left:15px;padding-right:15px}.header{border-bottom:1px solid #e5e5e5}.header h3{margin-top:0;margin-bottom:0;line-height:40px;padding-bottom:19px}@media screen and (min-width:768px){.container{max-width:730px}.header{padding-left:0;padding-right:0}.header{margin-bottom:30px}}.header{background:transparent url(/images/critical.png)}html{font-family:sans-serif;-webkit-text-size-adjust:100%;-ms-text-size-adjust:100%}body{margin:0}a{background:0 0}*{-webkit-box-sizing:border-box;-moz-box-sizing:border-box;box-sizing:border-box}:after,:before{-webkit-box-sizing:border-box;-moz-box-sizing:border-box;box-sizing:border-box}html{font-size:62.5%;-webkit-tap-highlight-color:transparent}body{font-family:"Helvetica Neue",Helvetica,Arial,sans-serif;font-size:14px;line-height:1.42857143;color:#333;background-color:#fff}a{color:#428bca;text-decoration:none}h3{font-family:inherit;font-weight:500;line-height:1.1;color:inherit}h3{margin-top:20px;margin-bottom:10px}h3{font-size:24px}.text-muted{color:#999}ul{margin-top:0;margin-bottom:10px}.container{padding-right:15px;padding-left:15px;margin-right:auto;margin-left:auto}@media (min-width:768px){.container{width:750px}}@media (min-width:992px){.container{width:970px}}@media (min-width:1200px){.container{width:1170px}}.nav{padding-left:0;margin-bottom:0;list-style:none}.nav>li{position:relative;display:block}.nav>li>a{position:relative;display:block;padding:10px 15px}.nav-pills>li{float:left}.nav-pills>li>a{border-radius:4px}.nav-pills>li+li{margin-left:2px}.nav-pills>li.active>a{color:#fff;background-color:#428bca}.container:after,.container:before,.nav:after,.nav:before{display:table;content:" "}.container:after,.nav:after{clear:both}.pull-right{float:right!important}
</style>

    </head>
    <body>
        <!--[if lt IE 10]>
            <p class="browsehappy">You are using an <strong>outdated</strong> browser. Please <a href="http://browsehappy.com/">upgrade your browser</a> to improve your experience.</p>
        <![endif]-->

        <div class="container">
            <div class="header">
                <ul class="nav nav-pills pull-right">
                    <li class="active"><a href="#">Home</a></li>
                    <li><a href="#">About</a></li>
                    <li><a href="#">Contact</a></li>
                </ul>
                <h3 class="text-muted">critical css test</h3>
            </div>

            <div class="jumbotron">
                <h1>'Allo, 'Allo!</h1>
                <p class="lead">Always a pleasure scaffolding your apps.</p>
                <p><a class="btn btn-lg btn-success" href="#">Splendid!</a></p>
            </div>

            <div class="row marketing">
                <div class="col-lg-6">
                    <h4>HTML5 Boilerplate</h4>
                    <p>HTML5 Boilerplate is a professional front-end template for building fast, robust, and adaptable web apps or sites.</p>

                    <h4>Bootstrap</h4>
                    <p>Sleek, intuitive, and powerful mobile first front-end framework for faster and easier web development.</p>
                </div>
            </div>

            <div class="footer">
                <p>â™¥ from the Yeoman team</p>
            </div>
        </div>

        <!-- Google Analytics: change UA-XXXXX-X to be your site's ID. -->
        <script>
            (function(b,o,i,l,e,r){b.GoogleAnalyticsObject=l;b[l]||(b[l]=
            function(){(b[l].q=b[l].q||[]).push(arguments)});b[l].l=+new Date;
            e=o.createElement(i);r=o.getElementsByTagName(i)[0];
            e.src='//www.google-analytics.com/analytics.js';
            r.parentNode.insertBefore(e,r)}(window,document,'script','ga'));
            ga('create','UA-XXXXX-X');ga('send','pageview');
        </script>

        <!-- build:js scripts/vendor.js -->
        <!-- bower:js -->
        <script src="bower_components/jquery/dist/jquery.js"></script>
        <script src="bower_components/bootstrap/dist/js/bootstrap.js"></script>
        <!-- endbower -->
        <!-- endbuild -->

        <!-- build:js scripts/plugins.js -->
        <script src="bower_components/bootstrap/js/affix.js"></script>
        <script src="bower_components/bootstrap/js/alert.js"></script>
        <script src="bower_components/bootstrap/js/dropdown.js"></script>
        <script src="bower_components/bootstrap/js/tooltip.js"></script>
        <script src="bower_components/bootstrap/js/modal.js"></script>
        <script src="bower_components/bootstrap/js/transition.js"></script>
        <script src="bower_components/bootstrap/js/button.js"></script>
        <script src="bower_components/bootstrap/js/popover.js"></script>
        <script src="bower_components/bootstrap/js/carousel.js"></script>
        <script src="bower_components/bootstrap/js/scrollspy.js"></script>
        <script src="bower_components/bootstrap/js/collapse.js"></script>
        <script src="bower_components/bootstrap/js/tab.js"></script>
        <!-- endbuild -->

        <!-- build:js scripts/main.js -->
        <script src="scripts/main.js"></script>
        <!-- endbuild -->
</body>
</html>
