<!doctype html>
<html class="no-js">
    <head>
        <meta charset="utf-8">
        <title>critical css test</title>
        <meta name="description" content="">
        <meta name="viewport" content="width=device-width, initial-scale=1">
        <!-- Place favicon.ico and apple-touch-icon.png in the root directory -->

        <!-- build:css styles/main.css -->
        <style>
            body{padding-top:20px;padding-bottom:20px}.header,.marketing{padding-left:15px;padding-right:15px}.header{border-bottom:1px solid #e5e5e5}.header h3{margin-top:0;margin-bottom:0;line-height:40px;padding-bottom:19px}.jumbotron{text-align:center;border-bottom:1px solid #e5e5e5}.jumbotron .btn{font-size:21px;padding:14px 24px}.marketing{margin:40px 0}@media screen and (min-width:768px){.container{max-width:730px}.header,.marketing{padding-left:0;padding-right:0}.header{margin-bottom:30px}.jumbotron{border-bottom:0}}
        </style>
        <link rel="preload" href="styles/main.css" as="style" onload="this.onload=null;this.rel='stylesheet'">
        <noscript><link rel="stylesheet" href="styles/main.css"></noscript>
        <link rel="preload" href="styles/bootstrap.css" as="style" onload="this.onload=null;this.rel='stylesheet'">
        <noscript><link rel="stylesheet" href="styles/bootstrap.css"></noscript>
        <script>!function(n){"use strict";n.loadCSS||(n.loadCSS=function(){});var o=loadCSS.relpreload={};if(o.support=function(){var e;try{e=n.document.createElement("link").relList.supports("preload")}catch(t){e=!1}return function(){return e}}(),o.bindMediaToggle=function(t){var e=t.media||"all";function a(){t.addEventListener?t.removeEventListener("load",a):t.attachEvent&&t.detachEvent("onload",a),t.setAttribute("onload",null),t.media=e}t.addEventListener?t.addEventListener("load",a):t.attachEvent&&t.attachEvent("onload",a),setTimeout(function(){t.rel="stylesheet",t.media="only x"}),setTimeout(a,3e3)},o.poly=function(){if(!o.support())for(var t=n.document.getElementsByTagName("link"),e=0;e<t.length;e++){var a=t[e];"preload"!==a.rel||"style"!==a.getAttribute("as")||a.getAttribute("data-loadcss")||(a.setAttribute("data-loadcss",!0),o.bindMediaToggle(a))}},!o.support()){o.poly();var t=n.setInterval(o.poly,500);n.addEventListener?n.addEventListener("load",function(){o.poly(),n.clearInterval(t)}):n.attachEvent&&n.attachEvent("onload",function(){o.poly(),n.clearInterval(t)})}"undefined"!=typeof exports?exports.loadCSS=loadCSS:n.loadCSS=loadCSS}("undefined"!=typeof global?global:this);</script>
        <!-- endbuild -->

    </head>
    <body>
        <!--[if lt IE 10]>
            <p class="browsehappy">You are using an <strong>outdated</strong> browser. Please <a href="http://browsehappy.com/">upgrade your browser</a> to improve your experience.</p>
        <![endif]-->

        <div class="container">
            <div class="header">
                <ul class="nav nav-pills pull-right">
                    <li class="active"><a href="#">Home</a></li>
                    <li><a href="#">About</a></li>
                    <li><a href="#">Contact</a></li>
                </ul>
                <h3 class="text-muted">critical css test</h3>
            </div>

            <div class="jumbotron">
                <h1>'Allo, 'Allo!</h1>
                <p class="lead">Always a pleasure scaffolding your apps.</p>
                <p><a class="btn btn-lg btn-success" href="#">Splendid!</a></p>
            </div>

            <div class="row marketing">
                <div class="col-lg-6">
                    <h4>HTML5 Boilerplate</h4>
                    <p>HTML5 Boilerplate is a professional front-end template for building fast, robust, and adaptable web apps or sites.</p>

                    <h4>Bootstrap</h4>
                    <p>Sleek, intuitive, and powerful mobile first front-end framework for faster and easier web development.</p>
                </div>
            </div>

            <div class="footer">
                <p>â™¥ from the Yeoman team</p>
            </div>
        </div>
</body>
</html>
